0:0:0:0:0:0:0:1 - - [20/Mar/2026:09:36:41 +0530] "POST /auth/login HTTP/1.1" 200 301
0:0:0:0:0:0:0:1 - - [20/Mar/2026:09:37:51 +0530] "POST /auth/login HTTP/1.1" 200 299
0:0:0:0:0:0:0:1 - - [20/Mar/2026:09:38:14 +0530] "GET /customers/DisplayAllCustomers?sortBy=customerId&sortDir=desc&page=0&size=5 HTTP/1.1" 200 862
0:0:0:0:0:0:0:1 - - [20/Mar/2026:09:38:48 +0530] "GET /customers/FindByCustomerID/5 HTTP/1.1" 200 255
0:0:0:0:0:0:0:1 - - [20/Mar/2026:09:40:28 +0530] "POST /api/transactions/process HTTP/1.1" 403 -
0:0:0:0:0:0:0:1 - - [20/Mar/2026:09:40:39 +0530] "POST /api/transactions/process HTTP/1.1" 403 -
0:0:0:0:0:0:0:1 - - [20/Mar/2026:09:40:56 +0530] "POST /api/transactions HTTP/1.1" 403 -
0:0:0:0:0:0:0:1 - - [20/Mar/2026:09:42:25 +0530] "POST /AllTransactionsHistory HTTP/1.1" 403 -
0:0:0:0:0:0:0:1 - - [20/Mar/2026:09:42:58 +0530] "POST /customer/AllTransactionsHistory HTTP/1.1" 403 -
0:0:0:0:0:0:0:1 - - [20/Mar/2026:09:43:18 +0530] "GET /customer/AllTransactionsHistory HTTP/1.1" 403 -
0:0:0:0:0:0:0:1 - - [20/Mar/2026:09:44:04 +0530] "POST /auth/login HTTP/1.1" 200 299
0:0:0:0:0:0:0:1 - - [20/Mar/2026:09:44:17 +0530] "GET /customer/Ministatement/5 HTTP/1.1" 403 -
0:0:0:0:0:0:0:1 - - [20/Mar/2026:09:45:46 +0530] "GET /customers/Ministatement/5 HTTP/1.1" 200 111
0:0:0:0:0:0:0:1 - - [20/Mar/2026:09:46:02 +0530] "GET //customers/CheckBalance/ HTTP/1.1" 403 -
0:0:0:0:0:0:0:1 - - [20/Mar/2026:09:46:04 +0530] "GET /customers/CheckBalance/ HTTP/1.1" 403 -
0:0:0:0:0:0:0:1 - - [20/Mar/2026:09:46:08 +0530] "GET /customers/CheckBalance/1 HTTP/1.1" 200 289
0:0:0:0:0:0:0:1 - - [20/Mar/2026:09:46:24 +0530] "GET /customers/AllTransactionsHistory HTTP/1.1" 200 1173
0:0:0:0:0:0:0:1 - - [20/Mar/2026:09:47:28 +0530] "GET /customers/AllTransactionsHistory?sortBy=customerId&sortDir=desc&page=1&size=5 HTTP/1.1" 200 1283
0:0:0:0:0:0:0:1 - - [20/Mar/2026:09:47:42 +0530] "GET /customers/AllTransactionsHistory?sortBy=customerId&sortDir=desc&page=2&size=5 HTTP/1.1" 200 114
0:0:0:0:0:0:0:1 - - [20/Mar/2026:09:47:56 +0530] "GET /customers/AllTransactionsHistory?sortBy=customerId&sortDir=desc&page=0&size=5 HTTP/1.1" 200 1173
0:0:0:0:0:0:0:1 - - [20/Mar/2026:09:48:03 +0530] "GET /customers/AllTransactionsHistory?sortBy=customerId&sortDir=desc&page=1&size=5 HTTP/1.1" 200 1283
0:0:0:0:0:0:0:1 - - [20/Mar/2026:09:50:33 +0530] "GET /customers/CheckBalance/5?page=1&size=5 HTTP/1.1" 403 -
0:0:0:0:0:0:0:1 - - [20/Mar/2026:09:50:40 +0530] "GET /customers/CheckBalance/5 HTTP/1.1" 403 -
0:0:0:0:0:0:0:1 - - [20/Mar/2026:09:50:41 +0530] "GET /customers/CheckBalance/5 HTTP/1.1" 403 -
0:0:0:0:0:0:0:1 - - [20/Mar/2026:09:51:17 +0530] "GET /customers/CheckBalance/5?page=1&size=5 HTTP/1.1" 200 -
0:0:0:0:0:0:0:1 - - [20/Mar/2026:09:51:24 +0530] "GET /customers/CheckBalance/5 HTTP/1.1" 200 -
0:0:0:0:0:0:0:1 - - [20/Mar/2026:09:51:35 +0530] "GET /customers/CheckBalance/1 HTTP/1.1" 200 289
0:0:0:0:0:0:0:1 - - [20/Mar/2026:09:52:00 +0530] "GET /customers/CheckBalance/1?page=1&size=5 HTTP/1.1" 200 289
0:0:0:0:0:0:0:1 - - [20/Mar/2026:09:52:06 +0530] "GET /customers/CheckBalance/1 HTTP/1.1" 200 289
0:0:0:0:0:0:0:1 - - [20/Mar/2026:09:54:27 +0530] "POST /customers/Banking HTTP/1.1" 201 153
0:0:0:0:0:0:0:1 - - [20/Mar/2026:09:54:39 +0530] "GET /customers/CheckBalance/1 HTTP/1.1" 200 289
0:0:0:0:0:0:0:1 - - [20/Mar/2026:09:54:46 +0530] "GET /customers/CheckBalance/1 HTTP/1.1" 200 289
0:0:0:0:0:0:0:1 - - [20/Mar/2026:10:09:07 +0530] "GET /customers/FindByCustomerID/1 HTTP/1.1" 200 260
0:0:0:0:0:0:0:1 - - [20/Mar/2026:11:51:00 +0530] "GET /customers/FilterCustomersByIDPoof/PAN HTTP/1.1" 403 -
0:0:0:0:0:0:0:1 - - [20/Mar/2026:11:51:05 +0530] "POST /auth/login HTTP/1.1" 200 299
0:0:0:0:0:0:0:1 - - [20/Mar/2026:11:51:20 +0530] "GET /customers/FilterCustomersByIDPoof/PAN HTTP/1.1" 200 612
0:0:0:0:0:0:0:1 - - [20/Mar/2026:11:53:09 +0530] "GET /customers/LatestTransactions HTTP/1.1" 200 1283
0:0:0:0:0:0:0:1 - - [20/Mar/2026:11:53:42 +0530] "GET /customers/LatestTransactions?page=1&size=3 HTTP/1.1" 200 1174
0:0:0:0:0:0:0:1 - - [20/Mar/2026:11:54:03 +0530] "GET /customers/LatestTransactions?page=2&size=3 HTTP/1.1" 200 259
0:0:0:0:0:0:0:1 - - [20/Mar/2026:11:55:29 +0530] "GET /customers/CheckBalance/1 HTTP/1.1" 200 289
0:0:0:0:0:0:0:1 - - [20/Mar/2026:12:02:34 +0530] "GET /customers/CheckTransactionMode/online HTTP/1.1" 403 -
0:0:0:0:0:0:0:1 - - [20/Mar/2026:12:02:39 +0530] "POST /auth/login HTTP/1.1" 200 299
0:0:0:0:0:0:0:1 - - [20/Mar/2026:12:02:56 +0530] "GET /customers/CheckTransactionMode/online HTTP/1.1" 200 1363
0:0:0:0:0:0:0:1 - - [20/Mar/2026:12:03:10 +0530] "GET /customers/CheckTransactionMode/online?page=1 HTTP/1.1" 200 1503
0:0:0:0:0:0:0:1 - - [20/Mar/2026:12:03:17 +0530] "GET /customers/CheckTransactionMode/online?page=2 HTTP/1.1" 200 255
0:0:0:0:0:0:0:1 - - [20/Mar/2026:12:03:24 +0530] "GET /customers/CheckTransactionMode/online?page=0 HTTP/1.1" 200 1363
0:0:0:0:0:0:0:1 - - [20/Mar/2026:12:05:51 +0530] "GET /customers/Ministatement/1?page=0 HTTP/1.1" 200 1501
0:0:0:0:0:0:0:1 - - [20/Mar/2026:12:06:00 +0530] "GET /customers/Ministatement/1?page=1 HTTP/1.1" 200 254
0:0:0:0:0:0:0:1 - - [20/Mar/2026:12:06:09 +0530] "GET /customers/Ministatement/1?page=0 HTTP/1.1" 200 1501
0:0:0:0:0:0:0:1 - - [20/Mar/2026:12:12:30 +0530] "POST /customers/payment/1 HTTP/1.1" 400 14
0:0:0:0:0:0:0:1 - - [20/Mar/2026:12:12:49 +0530] "POST /customers/payment/1 HTTP/1.1" 400 14
0:0:0:0:0:0:0:1 - - [20/Mar/2026:12:14:16 +0530] "POST /customers/payment/1 HTTP/1.1" 400 14
0:0:0:0:0:0:0:1 - - [20/Mar/2026:12:14:34 +0530] "POST /customers/payment/1 HTTP/1.1" 400 14
0:0:0:0:0:0:0:1 - - [20/Mar/2026:12:14:46 +0530] "POST /customers/payment/1 HTTP/1.1" 400 14
0:0:0:0:0:0:0:1 - - [20/Mar/2026:12:15:09 +0530] "POST /customers/payment/1 HTTP/1.1" 400 14
0:0:0:0:0:0:0:1 - - [20/Mar/2026:12:21:32 +0530] "POST /auth/login HTTP/1.1" 200 299
0:0:0:0:0:0:0:1 - - [20/Mar/2026:12:21:56 +0530] "POST /customers/payment/1 HTTP/1.1" 201 233
0:0:0:0:0:0:0:1 - - [20/Mar/2026:12:26:38 +0530] "POST /auth/public-register HTTP/1.1" 201 113
0:0:0:0:0:0:0:1 - - [20/Mar/2026:12:27:10 +0530] "POST /auth/login HTTP/1.1" 200 299
0:0:0:0:0:0:0:1 - - [20/Mar/2026:12:27:39 +0530] "GET /customers/AllTransactionsHistory?sortBy=customerId&sortDir=desc&page=1&size=5 HTTP/1.1" 403 -
0:0:0:0:0:0:0:1 - - [20/Mar/2026:12:36:59 +0530] "POST /auth/login HTTP/1.1" 200 299
0:0:0:0:0:0:0:1 - - [20/Mar/2026:12:38:05 +0530] "POST /auth/login HTTP/1.1" 200 265
0:0:0:0:0:0:0:1 - - [20/Mar/2026:12:38:38 +0530] "POST /auth/public-register HTTP/1.1" 201 53
0:0:0:0:0:0:0:1 - - [20/Mar/2026:12:39:14 +0530] "POST /auth/login HTTP/1.1" 200 265
0:0:0:0:0:0:0:1 - - [20/Mar/2026:13:27:14 +0530] "POST /auth/login HTTP/1.1" 200 265
0:0:0:0:0:0:0:1 - - [20/Mar/2026:13:27:34 +0530] "GET /customers/CheckBalance/1 HTTP/1.1" 403 -
0:0:0:0:0:0:0:1 - - [20/Mar/2026:13:28:07 +0530] "GET /customers/AllTransactionsHistory?sortBy=customerId&sortDir=desc&page=1&size=5 HTTP/1.1" 200 1284
0:0:0:0:0:0:0:1 - - [20/Mar/2026:13:28:21 +0530] "GET /customers/AllTransactionsHistory?page=1 HTTP/1.1" 200 1284
0:0:0:0:0:0:0:1 - - [20/Mar/2026:13:29:01 +0530] "POST /customers/Banking HTTP/1.1" 403 -
0:0:0:0:0:0:0:1 - - [20/Mar/2026:13:29:29 +0530] "GET /customers/DisplayAllCustomers?sortBy=customerId&sortDir=desc&page=0&size=5 HTTP/1.1" 200 862
0:0:0:0:0:0:0:1 - - [20/Mar/2026:13:29:55 +0530] "POST /auth/login HTTP/1.1" 200 265
0:0:0:0:0:0:0:1 - - [20/Mar/2026:13:30:12 +0530] "GET /customers/CheckBalance/1 HTTP/1.1" 403 -
0:0:0:0:0:0:0:1 - - [20/Mar/2026:13:30:53 +0530] "POST /auth/login HTTP/1.1" 200 265
0:0:0:0:0:0:0:1 - - [20/Mar/2026:13:31:04 +0530] "GET /customers/CheckBalance/1 HTTP/1.1" 403 -
0:0:0:0:0:0:0:1 - - [20/Mar/2026:13:31:06 +0530] "GET /customers/CheckBalance/1 HTTP/1.1" 403 -
0:0:0:0:0:0:0:1 - - [20/Mar/2026:13:31:11 +0530] "GET /customers/CheckBalance HTTP/1.1" 403 -
0:0:0:0:0:0:0:1 - - [20/Mar/2026:13:31:16 +0530] "GET /customers/CheckBalance/1?page=1&size=5 HTTP/1.1" 403 -
0:0:0:0:0:0:0:1 - - [20/Mar/2026:13:31:34 +0530] "GET /customers/AllTransactionsHistory?page=1 HTTP/1.1" 403 -
0:0:0:0:0:0:0:1 - - [20/Mar/2026:13:34:05 +0530] "POST /auth/login HTTP/1.1" 200 265
0:0:0:0:0:0:0:1 - - [20/Mar/2026:13:34:19 +0530] "POST /customers/Banking HTTP/1.1" 403 -
0:0:0:0:0:0:0:1 - - [20/Mar/2026:16:55:58 +0530] "POST /auth/login HTTP/1.1" 200 265
0:0:0:0:0:0:0:1 - - [20/Mar/2026:16:56:41 +0530] "GET /customers/CheckBalance/1 HTTP/1.1" 403 -
0:0:0:0:0:0:0:1 - - [20/Mar/2026:17:03:48 +0530] "POST /auth/login HTTP/1.1" 200 265
0:0:0:0:0:0:0:1 - - [20/Mar/2026:17:04:05 +0530] "GET /customers/CheckBalance/1 HTTP/1.1" 200 73
0:0:0:0:0:0:0:1 - - [20/Mar/2026:17:04:16 +0530] "GET /customers/CheckBalance/1 HTTP/1.1" 200 73
0:0:0:0:0:0:0:1 - - [20/Mar/2026:17:04:28 +0530] "GET /customers/CheckBalance/1 HTTP/1.1" 200 73
0:0:0:0:0:0:0:1 - - [20/Mar/2026:17:04:29 +0530] "GET /customers/CheckBalance/1 HTTP/1.1" 200 73
0:0:0:0:0:0:0:1 - - [20/Mar/2026:17:04:32 +0530] "GET /customers/CheckBalance/1 HTTP/1.1" 200 73
0:0:0:0:0:0:0:1 - - [20/Mar/2026:17:04:33 +0530] "GET /customers/CheckBalance/1 HTTP/1.1" 200 73
0:0:0:0:0:0:0:1 - - [20/Mar/2026:17:04:55 +0530] "GET /customers/DisplayAllCustomers?sortBy=customerId&sortDir=desc&page=0&size=5 HTTP/1.1" 200 862
0:0:0:0:0:0:0:1 - - [20/Mar/2026:17:05:01 +0530] "GET /customers/DisplayAllCustomers?sortBy=customerId&sortDir=desc&page=0&size=5 HTTP/1.1" 200 862
0:0:0:0:0:0:0:1 - - [20/Mar/2026:17:05:02 +0530] "GET /customers/DisplayAllCustomers?sortBy=customerId&sortDir=desc&page=0&size=5 HTTP/1.1" 200 862
0:0:0:0:0:0:0:1 - - [20/Mar/2026:17:06:04 +0530] "POST /customers/Banking HTTP/1.1" 403 -
0:0:0:0:0:0:0:1 - - [20/Mar/2026:17:06:55 +0530] "POST /auth/login HTTP/1.1" 200 265
0:0:0:0:0:0:0:1 - - [20/Mar/2026:17:07:07 +0530] "POST /customers/Banking HTTP/1.1" 403 -
0:0:0:0:0:0:0:1 - - [20/Mar/2026:17:08:18 +0530] "POST /customers/Banking/1 HTTP/1.1" 403 -
0:0:0:0:0:0:0:1 - - [20/Mar/2026:17:08:40 +0530] "POST /customers/Banking/1 HTTP/1.1" 403 -
0:0:0:0:0:0:0:1 - - [20/Mar/2026:17:09:13 +0530] "POST /customers/Banking?customerId=1 HTTP/1.1" 201 245
0:0:0:0:0:0:0:1 - - [20/Mar/2026:17:10:42 +0530] "GET /customers/LatestTransactions?page=2 HTTP/1.1" 200 728
0:0:0:0:0:0:0:1 - - [20/Mar/2026:19:13:46 +0530] "POST /auth/login HTTP/1.1" 200 265
0:0:0:0:0:0:0:1 - - [20/Mar/2026:19:14:04 +0530] "POST /customers/Banking?customerId=1 HTTP/1.1" 201 279
0:0:0:0:0:0:0:1 - - [20/Mar/2026:19:14:16 +0530] "GET /customers/LatestTransactions?page=2 HTTP/1.1" 200 962
0:0:0:0:0:0:0:1 - - [20/Mar/2026:19:14:49 +0530] "GET /customers/LatestTransactions?page=0 HTTP/1.1" 200 1173
0:0:0:0:0:0:0:1 - - [20/Mar/2026:19:18:50 +0530] "POST /auth/login HTTP/1.1" 200 265
0:0:0:0:0:0:0:1 - - [20/Mar/2026:19:19:36 +0530] "POST /customers/payment/1 HTTP/1.1" 201 278
0:0:0:0:0:0:0:1 - - [20/Mar/2026:19:25:11 +0530] "POST /auth/login HTTP/1.1" 200 265
0:0:0:0:0:0:0:1 - - [20/Mar/2026:19:25:24 +0530] "GET /customers/CheckBalance/1 HTTP/1.1" 200 73
0:0:0:0:0:0:0:1 - - [20/Mar/2026:19:29:38 +0530] "POST /auth/login HTTP/1.1" 200 265
0:0:0:0:0:0:0:1 - - [20/Mar/2026:19:29:51 +0530] "GET /customers/CheckBalance/1 HTTP/1.1" 200 73
0:0:0:0:0:0:0:1 - - [20/Mar/2026:19:30:01 +0530] "GET /customers/DisplayAllCustomers?sortBy=customerId&sortDir=desc&page=0&size=5 HTTP/1.1" 200 862
