2026-08-30 18:35:15.286 [main] [] INFO  com.example.pi.PiApplicationTests - Starting PiApplicationTests using Java 17.0.15 with PID 69784 (started by surajchakraborty in /Users/surajchakraborty/git/DigitalBanking-release-java)
2026-08-30 18:35:15.286 [main] [] DEBUG com.example.pi.PiApplicationTests - Running with Spring Boot v3.4.4, Spring v6.2.5
2026-08-30 18:35:15.287 [main] [] INFO  com.example.pi.PiApplicationTests - No active profile set, falling back to 1 default profile: "default"
2026-08-30 18:35:19.106 [main] [] INFO  c.e.p.s.impl.TransferServiceImpl - Idempotency replay for key=transfer-idem-key
2026-08-30 18:35:19.143 [main] [] INFO  c.e.p.s.impl.TransferServiceImpl - Transfer TRF14F9E11648C144E7A35EF51A2621CF4A completed: ACC001 → ACC002, amount=1000.00, src_balance=4000.00, dst_balance=2000.00
2026-08-30 18:35:19.201 [main] [] INFO  c.e.p.s.impl.TransactionServiceImpl - Idempotency replay for key=test-idempotency-key
2026-08-30 18:35:19.206 [main] [] INFO  c.e.p.s.impl.TransactionServiceImpl - Transaction TXN001 created: type=CREDIT, amount=500.00, customerId=1, newBalance=1500.00
2026-08-30 18:35:19.216 [main] [] INFO  c.e.p.s.impl.TransactionServiceImpl - Transaction TXN001 created: type=DEBIT, amount=300.00, customerId=1, newBalance=1700.00
2026-08-30 18:35:59.825 [main] [] INFO  com.example.pi.PiApplicationTests - Starting PiApplicationTests using Java 17.0.15 with PID 70053 (started by surajchakraborty in /Users/surajchakraborty/git/DigitalBanking-release-java)
2026-08-30 18:35:59.826 [main] [] DEBUG com.example.pi.PiApplicationTests - Running with Spring Boot v3.4.4, Spring v6.2.5
2026-08-30 18:35:59.826 [main] [] INFO  com.example.pi.PiApplicationTests - No active profile set, falling back to 1 default profile: "default"
2026-08-30 18:36:03.651 [main] [] INFO  c.e.p.s.impl.TransferServiceImpl - Idempotency replay for key=transfer-idem-key
2026-08-30 18:36:03.685 [main] [] INFO  c.e.p.s.impl.TransferServiceImpl - Transfer TRFEC1C47DF55F7421A8F435B483BFC61DE completed: ACC001 → ACC002, amount=1000.00, src_balance=4000.00, dst_balance=2000.00
2026-08-30 18:36:03.731 [main] [] INFO  c.e.p.s.impl.TransactionServiceImpl - Idempotency replay for key=test-idempotency-key
2026-08-30 18:36:03.736 [main] [] INFO  c.e.p.s.impl.TransactionServiceImpl - Transaction TXN001 created: type=CREDIT, amount=500.00, customerId=1, newBalance=1500.00
2026-08-30 18:36:03.744 [main] [] INFO  c.e.p.s.impl.TransactionServiceImpl - Transaction TXN001 created: type=DEBIT, amount=300.00, customerId=1, newBalance=1700.00
2026-08-30 18:36:40.545 [main] [] INFO  com.example.pi.PiApplicationTests - Starting PiApplicationTests using Java 17.0.15 with PID 70483 (started by surajchakraborty in /Users/surajchakraborty/git/DigitalBanking-release-java)
2026-08-30 18:36:40.546 [main] [] INFO  com.example.pi.PiApplicationTests - The following 1 profile is active: "test"
2026-08-30 18:36:43.017 [main] [] INFO  c.e.p.s.impl.TransferServiceImpl - Idempotency replay for key=transfer-idem-key
2026-08-30 18:36:43.050 [main] [] INFO  c.e.p.s.impl.TransferServiceImpl - Transfer TRFA895F519977645D19F674979CAB73617 completed: ACC001 → ACC002, amount=1000.00, src_balance=4000.00, dst_balance=2000.00
2026-08-30 18:36:43.093 [main] [] INFO  c.e.p.s.impl.TransactionServiceImpl - Idempotency replay for key=test-idempotency-key
2026-08-30 18:36:43.099 [main] [] INFO  c.e.p.s.impl.TransactionServiceImpl - Transaction TXN001 created: type=CREDIT, amount=500.00, customerId=1, newBalance=1500.00
2026-08-30 18:36:43.108 [main] [] INFO  c.e.p.s.impl.TransactionServiceImpl - Transaction TXN001 created: type=DEBIT, amount=300.00, customerId=1, newBalance=1700.00
2026-08-30 18:36:51.847 [main] [] INFO  com.example.pi.PiApplicationTests - Starting PiApplicationTests using Java 17.0.15 with PID 70540 (started by surajchakraborty in /Users/surajchakraborty/git/DigitalBanking-release-java)
2026-08-30 18:36:51.848 [main] [] INFO  com.example.pi.PiApplicationTests - The following 1 profile is active: "test"
2026-08-30 18:38:05.244 [main] [] INFO  com.example.pi.PiApplicationTests - Starting PiApplicationTests using Java 17.0.15 with PID 70971 (started by surajchakraborty in /Users/surajchakraborty/git/DigitalBanking-release-java)
2026-08-30 18:38:05.244 [main] [] INFO  com.example.pi.PiApplicationTests - The following 1 profile is active: "test"
2026-08-30 18:38:07.876 [main] [] INFO  com.example.pi.PiApplicationTests - Started PiApplicationTests in 2.805 seconds (process running for 3.142)
2026-08-30 18:38:08.367 [main] [] INFO  c.e.p.s.impl.TransferServiceImpl - Idempotency replay for key=transfer-idem-key
2026-08-30 18:38:08.397 [main] [] INFO  c.e.p.s.impl.TransferServiceImpl - Transfer TRF158E58F431D648B1B956302E5DCBD8CD completed: ACC001 → ACC002, amount=1000.00, src_balance=4000.00, dst_balance=2000.00
2026-08-30 18:38:08.432 [main] [] INFO  c.e.p.s.impl.TransactionServiceImpl - Idempotency replay for key=test-idempotency-key
2026-08-30 18:38:08.437 [main] [] INFO  c.e.p.s.impl.TransactionServiceImpl - Transaction TXN001 created: type=CREDIT, amount=500.00, customerId=1, newBalance=1500.00
2026-08-30 18:38:08.446 [main] [] INFO  c.e.p.s.impl.TransactionServiceImpl - Transaction TXN001 created: type=DEBIT, amount=300.00, customerId=1, newBalance=1700.00
2026-08-30 18:39:14.780 [main] [] INFO  c.e.p.r.BankAccountRepositoryTest - Starting BankAccountRepositoryTest using Java 17.0.15 with PID 71359 (started by surajchakraborty in /Users/surajchakraborty/git/DigitalBanking-release-java)
2026-08-30 18:39:14.781 [main] [] DEBUG c.e.p.r.BankAccountRepositoryTest - Running with Spring Boot v3.4.4, Spring v6.2.5
2026-08-30 18:39:14.781 [main] [] INFO  c.e.p.r.BankAccountRepositoryTest - The following 1 profile is active: "test"
2026-08-30 18:39:16.041 [main] [] INFO  c.e.p.r.BankAccountRepositoryTest - Started BankAccountRepositoryTest in 1.46 seconds (process running for 1.831)
2026-08-30 18:39:16.521 [main] [] INFO  com.example.pi.PiApplicationTests - Starting PiApplicationTests using Java 17.0.15 with PID 71359 (started by surajchakraborty in /Users/surajchakraborty/git/DigitalBanking-release-java)
2026-08-30 18:39:16.521 [main] [] INFO  com.example.pi.PiApplicationTests - The following 1 profile is active: "test"
2026-08-30 18:39:17.938 [main] [] INFO  com.example.pi.PiApplicationTests - Started PiApplicationTests in 1.43 seconds (process running for 3.727)
2026-08-30 18:39:18.175 [main] [] INFO  c.e.p.s.impl.TransferServiceImpl - Idempotency replay for key=transfer-idem-key
2026-08-30 18:39:18.197 [main] [] INFO  c.e.p.s.impl.TransferServiceImpl - Transfer TRF3625BB51B4784208B8B7F62C49E89F78 completed: ACC001 → ACC002, amount=1000.00, src_balance=4000.00, dst_balance=2000.00
2026-08-30 18:39:18.231 [main] [] INFO  c.e.p.s.impl.TransactionServiceImpl - Idempotency replay for key=test-idempotency-key
2026-08-30 18:39:18.237 [main] [] INFO  c.e.p.s.impl.TransactionServiceImpl - Transaction TXN001 created: type=CREDIT, amount=500.00, customerId=1, newBalance=1500.00
2026-08-30 18:39:18.245 [main] [] INFO  c.e.p.s.impl.TransactionServiceImpl - Transaction TXN001 created: type=DEBIT, amount=300.00, customerId=1, newBalance=1700.00
2026-08-30 18:39:39.218 [main] [] INFO  c.e.p.r.BankAccountRepositoryTest - Starting BankAccountRepositoryTest using Java 17.0.15 with PID 71541 (started by surajchakraborty in /Users/surajchakraborty/git/DigitalBanking-release-java)
2026-08-30 18:39:39.219 [main] [] DEBUG c.e.p.r.BankAccountRepositoryTest - Running with Spring Boot v3.4.4, Spring v6.2.5
2026-08-30 18:39:39.219 [main] [] INFO  c.e.p.r.BankAccountRepositoryTest - The following 1 profile is active: "test"
2026-08-30 18:39:40.436 [main] [] INFO  c.e.p.r.BankAccountRepositoryTest - Started BankAccountRepositoryTest in 1.449 seconds (process running for 1.827)
2026-08-30 18:39:40.903 [main] [] INFO  com.example.pi.PiApplicationTests - Starting PiApplicationTests using Java 17.0.15 with PID 71541 (started by surajchakraborty in /Users/surajchakraborty/git/DigitalBanking-release-java)
2026-08-30 18:39:40.903 [main] [] INFO  com.example.pi.PiApplicationTests - The following 1 profile is active: "test"
2026-08-30 18:39:42.349 [main] [] INFO  com.example.pi.PiApplicationTests - Started PiApplicationTests in 1.459 seconds (process running for 3.74)
2026-08-30 18:39:42.577 [main] [] INFO  c.e.p.s.impl.TransferServiceImpl - Idempotency replay for key=transfer-idem-key
2026-08-30 18:39:42.598 [main] [] INFO  c.e.p.s.impl.TransferServiceImpl - Transfer TRFB1335C70330A44C18D69AC0D7954E902 completed: ACC001 → ACC002, amount=1000.00, src_balance=4000.00, dst_balance=2000.00
2026-08-30 18:39:42.630 [main] [] INFO  c.e.p.s.impl.TransactionServiceImpl - Idempotency replay for key=test-idempotency-key
2026-08-30 18:39:42.635 [main] [] INFO  c.e.p.s.impl.TransactionServiceImpl - Transaction TXN001 created: type=CREDIT, amount=500.00, customerId=1, newBalance=1500.00
2026-08-30 18:39:42.644 [main] [] INFO  c.e.p.s.impl.TransactionServiceImpl - Transaction TXN001 created: type=DEBIT, amount=300.00, customerId=1, newBalance=1700.00
2026-08-30 18:40:10.220 [main] [] INFO  c.e.p.r.BankAccountRepositoryTest - Starting BankAccountRepositoryTest using Java 17.0.15 with PID 71732 (started by surajchakraborty in /Users/surajchakraborty/git/DigitalBanking-release-java)
2026-08-30 18:40:10.220 [main] [] DEBUG c.e.p.r.BankAccountRepositoryTest - Running with Spring Boot v3.4.4, Spring v6.2.5
2026-08-30 18:40:10.220 [main] [] INFO  c.e.p.r.BankAccountRepositoryTest - The following 1 profile is active: "test"
2026-08-30 18:40:11.418 [main] [] INFO  c.e.p.r.BankAccountRepositoryTest - Started BankAccountRepositoryTest in 1.415 seconds (process running for 1.781)
2026-08-30 18:40:11.898 [main] [] INFO  com.example.pi.PiApplicationTests - Starting PiApplicationTests using Java 17.0.15 with PID 71732 (started by surajchakraborty in /Users/surajchakraborty/git/DigitalBanking-release-java)
2026-08-30 18:40:11.898 [main] [] INFO  com.example.pi.PiApplicationTests - The following 1 profile is active: "test"
2026-08-30 18:40:13.331 [main] [] INFO  com.example.pi.PiApplicationTests - Started PiApplicationTests in 1.447 seconds (process running for 3.693)
2026-08-30 18:40:13.546 [main] [] INFO  c.e.p.s.impl.TransferServiceImpl - Idempotency replay for key=transfer-idem-key
2026-08-30 18:40:13.568 [main] [] INFO  c.e.p.s.impl.TransferServiceImpl - Transfer TRFF3D32A57DC7D4AC995B52537F9AE0973 completed: ACC001 → ACC002, amount=1000.00, src_balance=4000.00, dst_balance=2000.00
2026-08-30 18:40:13.601 [main] [] INFO  c.e.p.s.impl.TransactionServiceImpl - Idempotency replay for key=test-idempotency-key
2026-08-30 18:40:13.606 [main] [] INFO  c.e.p.s.impl.TransactionServiceImpl - Transaction TXN001 created: type=CREDIT, amount=500.00, customerId=1, newBalance=1500.00
2026-08-30 18:40:13.615 [main] [] INFO  c.e.p.s.impl.TransactionServiceImpl - Transaction TXN001 created: type=DEBIT, amount=300.00, customerId=1, newBalance=1700.00
2026-08-30 18:40:28.162 [main] [] INFO  c.e.p.r.BankAccountRepositoryTest - Starting BankAccountRepositoryTest using Java 17.0.15 with PID 71893 (started by surajchakraborty in /Users/surajchakraborty/git/DigitalBanking-release-java)
2026-08-30 18:40:28.162 [main] [] DEBUG c.e.p.r.BankAccountRepositoryTest - Running with Spring Boot v3.4.4, Spring v6.2.5
2026-08-30 18:40:28.163 [main] [] INFO  c.e.p.r.BankAccountRepositoryTest - The following 1 profile is active: "test"
2026-08-30 18:40:29.379 [main] [] INFO  c.e.p.r.BankAccountRepositoryTest - Started BankAccountRepositoryTest in 1.402 seconds (process running for 1.749)
2026-08-30 18:40:50.917 [main] [] INFO  c.e.p.r.BankAccountRepositoryTest - Starting BankAccountRepositoryTest using Java 17.0.15 with PID 72055 (started by surajchakraborty in /Users/surajchakraborty/git/DigitalBanking-release-java)
2026-08-30 18:40:50.918 [main] [] DEBUG c.e.p.r.BankAccountRepositoryTest - Running with Spring Boot v3.4.4, Spring v6.2.5
2026-08-30 18:40:50.918 [main] [] INFO  c.e.p.r.BankAccountRepositoryTest - The following 1 profile is active: "test"
2026-08-30 18:40:52.093 [main] [] INFO  c.e.p.r.BankAccountRepositoryTest - Started BankAccountRepositoryTest in 1.389 seconds (process running for 1.753)
2026-08-30 18:40:52.607 [main] [] INFO  com.example.pi.PiApplicationTests - Starting PiApplicationTests using Java 17.0.15 with PID 72055 (started by surajchakraborty in /Users/surajchakraborty/git/DigitalBanking-release-java)
2026-08-30 18:40:52.607 [main] [] INFO  com.example.pi.PiApplicationTests - The following 1 profile is active: "test"
2026-08-30 18:40:54.018 [main] [] INFO  com.example.pi.PiApplicationTests - Started PiApplicationTests in 1.423 seconds (process running for 3.679)
2026-08-30 18:40:54.260 [main] [] INFO  c.e.p.s.impl.TransferServiceImpl - Idempotency replay for key=transfer-idem-key
2026-08-30 18:40:54.281 [main] [] INFO  c.e.p.s.impl.TransferServiceImpl - Transfer TRFCCEC7ECBF9DB4BBC80D795D38633A69F completed: ACC001 → ACC002, amount=1000.00, src_balance=4000.00, dst_balance=2000.00
2026-08-30 18:40:54.313 [main] [] INFO  c.e.p.s.impl.TransactionServiceImpl - Idempotency replay for key=test-idempotency-key
2026-08-30 18:40:54.318 [main] [] INFO  c.e.p.s.impl.TransactionServiceImpl - Transaction TXN001 created: type=CREDIT, amount=500.00, customerId=1, newBalance=1500.00
2026-08-30 18:40:54.327 [main] [] INFO  c.e.p.s.impl.TransactionServiceImpl - Transaction TXN001 created: type=DEBIT, amount=300.00, customerId=1, newBalance=1700.00
2026-08-30 18:42:34.824 [main] [] INFO  c.e.p.r.BankAccountRepositoryTest - Starting BankAccountRepositoryTest using Java 17.0.15 with PID 72618 (started by surajchakraborty in /Users/surajchakraborty/git/DigitalBanking-release-java)
2026-08-30 18:42:34.825 [main] [] DEBUG c.e.p.r.BankAccountRepositoryTest - Running with Spring Boot v3.4.4, Spring v6.2.5
2026-08-30 18:42:34.825 [main] [] INFO  c.e.p.r.BankAccountRepositoryTest - The following 1 profile is active: "test"
2026-08-30 18:42:36.027 [main] [] INFO  c.e.p.r.BankAccountRepositoryTest - Started BankAccountRepositoryTest in 1.393 seconds (process running for 1.765)
2026-08-30 18:42:36.609 [main] [] INFO  com.example.pi.PiApplicationTests - Starting PiApplicationTests using Java 17.0.15 with PID 72618 (started by surajchakraborty in /Users/surajchakraborty/git/DigitalBanking-release-java)
2026-08-30 18:42:36.609 [main] [] INFO  com.example.pi.PiApplicationTests - The following 1 profile is active: "test"
2026-08-30 18:42:38.057 [main] [] INFO  com.example.pi.PiApplicationTests - Started PiApplicationTests in 1.461 seconds (process running for 3.796)
2026-08-30 18:42:38.295 [main] [] INFO  c.e.p.s.impl.TransferServiceImpl - Idempotency replay for key=transfer-idem-key
2026-08-30 18:42:38.318 [main] [] INFO  c.e.p.s.impl.TransferServiceImpl - Transfer TRFCEF040FB951A41C5A29B1493CF0FFF74 completed: ACC001 → ACC002, amount=1000.00, src_balance=4000.00, dst_balance=2000.00
2026-08-30 18:42:38.362 [main] [] INFO  c.e.p.s.impl.TransactionServiceImpl - Idempotency replay for key=test-idempotency-key
2026-08-30 18:42:38.368 [main] [] INFO  c.e.p.s.impl.TransactionServiceImpl - Transaction TXN001 created: type=CREDIT, amount=500.00, customerId=1, newBalance=1500.00
2026-08-30 18:42:38.380 [main] [] INFO  c.e.p.s.impl.TransactionServiceImpl - Transaction TXN001 created: type=DEBIT, amount=300.00, customerId=1, newBalance=1700.00
2026-08-30 18:43:00.876 [main] [] INFO  c.e.p.r.BankAccountRepositoryTest - Starting BankAccountRepositoryTest using Java 17.0.15 with PID 72809 (started by surajchakraborty in /Users/surajchakraborty/git/DigitalBanking-release-java)
2026-08-30 18:43:00.877 [main] [] DEBUG c.e.p.r.BankAccountRepositoryTest - Running with Spring Boot v3.4.4, Spring v6.2.5
2026-08-30 18:43:00.877 [main] [] INFO  c.e.p.r.BankAccountRepositoryTest - The following 1 profile is active: "test"
2026-08-30 18:43:02.042 [main] [] INFO  c.e.p.r.BankAccountRepositoryTest - Started BankAccountRepositoryTest in 1.382 seconds (process running for 1.751)
2026-08-30 18:43:02.652 [main] [] INFO  com.example.pi.PiApplicationTests - Starting PiApplicationTests using Java 17.0.15 with PID 72809 (started by surajchakraborty in /Users/surajchakraborty/git/DigitalBanking-release-java)
2026-08-30 18:43:02.652 [main] [] INFO  com.example.pi.PiApplicationTests - The following 1 profile is active: "test"
2026-08-30 18:43:04.144 [main] [] INFO  com.example.pi.PiApplicationTests - Started PiApplicationTests in 1.505 seconds (process running for 3.853)
2026-08-30 18:43:04.372 [main] [] INFO  c.e.p.s.impl.TransferServiceImpl - Idempotency replay for key=transfer-idem-key
2026-08-30 18:43:04.400 [main] [] INFO  c.e.p.s.impl.TransferServiceImpl - Transfer TRF94BDECF5874C4BA6AC68F88A19410AE0 completed: ACC001 → ACC002, amount=1000.00, src_balance=4000.00, dst_balance=2000.00
2026-08-30 18:43:04.433 [main] [] INFO  c.e.p.s.impl.TransactionServiceImpl - Idempotency replay for key=test-idempotency-key
2026-08-30 18:43:04.439 [main] [] INFO  c.e.p.s.impl.TransactionServiceImpl - Transaction TXN001 created: type=CREDIT, amount=500.00, customerId=1, newBalance=1500.00
2026-08-30 18:43:04.449 [main] [] INFO  c.e.p.s.impl.TransactionServiceImpl - Transaction TXN001 created: type=DEBIT, amount=300.00, customerId=1, newBalance=1700.00
2026-08-30 18:44:01.454 [main] [] INFO  c.e.p.r.BankAccountRepositoryTest - Starting BankAccountRepositoryTest using Java 17.0.15 with PID 73182 (started by surajchakraborty in /Users/surajchakraborty/git/DigitalBanking-release-java)
2026-08-30 18:44:01.454 [main] [] DEBUG c.e.p.r.BankAccountRepositoryTest - Running with Spring Boot v3.4.4, Spring v6.2.5
2026-08-30 18:44:01.454 [main] [] INFO  c.e.p.r.BankAccountRepositoryTest - The following 1 profile is active: "test"
2026-08-30 18:44:02.634 [main] [] INFO  c.e.p.r.BankAccountRepositoryTest - Started BankAccountRepositoryTest in 1.386 seconds (process running for 1.76)
2026-08-30 18:44:03.153 [main] [] INFO  com.example.pi.PiApplicationTests - Starting PiApplicationTests using Java 17.0.15 with PID 73182 (started by surajchakraborty in /Users/surajchakraborty/git/DigitalBanking-release-java)
2026-08-30 18:44:03.153 [main] [] INFO  com.example.pi.PiApplicationTests - The following 1 profile is active: "test"
2026-08-30 18:44:04.594 [main] [] INFO  com.example.pi.PiApplicationTests - Started PiApplicationTests in 1.453 seconds (process running for 3.72)
2026-08-30 18:44:04.802 [main] [] INFO  c.e.p.s.impl.TransferServiceImpl - Idempotency replay for key=transfer-idem-key
2026-08-30 18:44:04.824 [main] [] INFO  c.e.p.s.impl.TransferServiceImpl - Transfer TRFCDB5772CCBA9488E8CECBA1D00065089 completed: ACC001 → ACC002, amount=1000.00, src_balance=4000.00, dst_balance=2000.00
2026-08-30 18:44:04.857 [main] [] INFO  c.e.p.s.impl.TransactionServiceImpl - Idempotency replay for key=test-idempotency-key
2026-08-30 18:44:04.862 [main] [] INFO  c.e.p.s.impl.TransactionServiceImpl - Transaction TXN001 created: type=CREDIT, amount=500.00, customerId=1, newBalance=1500.00
2026-08-30 18:44:04.872 [main] [] INFO  c.e.p.s.impl.TransactionServiceImpl - Transaction TXN001 created: type=DEBIT, amount=300.00, customerId=1, newBalance=1700.00
2026-08-30 18:47:08.320 [main] [] INFO  c.e.p.r.BankAccountRepositoryTest - Starting BankAccountRepositoryTest using Java 17.0.15 with PID 74295 (started by surajchakraborty in /Users/surajchakraborty/git/DigitalBanking-release-java)
2026-08-30 18:47:08.320 [main] [] DEBUG c.e.p.r.BankAccountRepositoryTest - Running with Spring Boot v3.4.4, Spring v6.2.5
2026-08-30 18:47:08.321 [main] [] INFO  c.e.p.r.BankAccountRepositoryTest - The following 1 profile is active: "test"
2026-08-30 18:47:09.540 [main] [] INFO  c.e.p.r.BankAccountRepositoryTest - Started BankAccountRepositoryTest in 1.412 seconds (process running for 1.796)
2026-08-30 18:47:10.064 [main] [] INFO  com.example.pi.PiApplicationTests - Starting PiApplicationTests using Java 17.0.15 with PID 74295 (started by surajchakraborty in /Users/surajchakraborty/git/DigitalBanking-release-java)
2026-08-30 18:47:10.065 [main] [] INFO  com.example.pi.PiApplicationTests - The following 1 profile is active: "test"
2026-08-30 18:47:11.536 [main] [] INFO  com.example.pi.PiApplicationTests - Started PiApplicationTests in 1.488 seconds (process running for 3.792)
2026-08-30 18:47:11.750 [main] [] INFO  c.e.p.s.impl.TransferServiceImpl - Idempotency replay for key=transfer-idem-key
2026-08-30 18:47:11.772 [main] [] INFO  c.e.p.s.impl.TransferServiceImpl - Transfer TRF9BF3971EBC6A4BAC9901652EA845543A completed: ACC001 → ACC002, amount=1000.00, src_balance=4000.00, dst_balance=2000.00
2026-08-30 18:47:11.805 [main] [] INFO  c.e.p.s.impl.TransactionServiceImpl - Idempotency replay for key=test-idempotency-key
2026-08-30 18:47:11.811 [main] [] INFO  c.e.p.s.impl.TransactionServiceImpl - Transaction TXN001 created: type=CREDIT, amount=500.00, customerId=1, newBalance=1500.00
2026-08-30 18:47:11.820 [main] [] INFO  c.e.p.s.impl.TransactionServiceImpl - Transaction TXN001 created: type=DEBIT, amount=300.00, customerId=1, newBalance=1700.00
2026-08-30 18:47:33.662 [main] [] INFO  c.e.p.r.BankAccountRepositoryTest - Starting BankAccountRepositoryTest using Java 17.0.15 with PID 74444 (started by surajchakraborty in /Users/surajchakraborty/git/DigitalBanking-release-java)
2026-08-30 18:47:33.662 [main] [] DEBUG c.e.p.r.BankAccountRepositoryTest - Running with Spring Boot v3.4.4, Spring v6.2.5
2026-08-30 18:47:33.662 [main] [] INFO  c.e.p.r.BankAccountRepositoryTest - The following 1 profile is active: "test"
2026-08-30 18:47:34.872 [main] [] INFO  c.e.p.r.BankAccountRepositoryTest - Started BankAccountRepositoryTest in 1.419 seconds (process running for 1.793)
2026-08-30 18:47:35.399 [main] [] INFO  com.example.pi.PiApplicationTests - Starting PiApplicationTests using Java 17.0.15 with PID 74444 (started by surajchakraborty in /Users/surajchakraborty/git/DigitalBanking-release-java)
2026-08-30 18:47:35.399 [main] [] INFO  com.example.pi.PiApplicationTests - The following 1 profile is active: "test"
2026-08-30 18:47:36.864 [main] [] INFO  com.example.pi.PiApplicationTests - Started PiApplicationTests in 1.478 seconds (process running for 3.785)
2026-08-30 18:47:37.086 [main] [] INFO  c.e.p.s.impl.TransferServiceImpl - Idempotency replay for key=transfer-idem-key
2026-08-30 18:47:37.113 [main] [] INFO  c.e.p.s.impl.TransferServiceImpl - Transfer TRF668E41F11127468DADCEBCDC977DAF06 completed: ACC001 → ACC002, amount=1000.00, src_balance=4000.00, dst_balance=2000.00
2026-08-30 18:47:37.148 [main] [] INFO  c.e.p.s.impl.TransactionServiceImpl - Idempotency replay for key=test-idempotency-key
2026-08-30 18:47:37.153 [main] [] INFO  c.e.p.s.impl.TransactionServiceImpl - Transaction TXN001 created: type=CREDIT, amount=500.00, customerId=1, newBalance=1500.00
2026-08-30 18:47:37.162 [main] [] INFO  c.e.p.s.impl.TransactionServiceImpl - Transaction TXN001 created: type=DEBIT, amount=300.00, customerId=1, newBalance=1700.00
