2026-03-21 12:32:54.261 [restartedMain] INFO  com.example.pi.PiApplication - Starting PiApplication using Java 17.0.13 with PID 25592 (C:\Users\somna\Documents\DigitalBanking\target\classes started by somna in C:\Users\somna\Documents\DigitalBanking)
2026-03-21 12:32:54.266 [restartedMain] DEBUG com.example.pi.PiApplication - Running with Spring Boot v3.4.4, Spring v6.2.5
2026-03-21 12:32:54.266 [restartedMain] INFO  com.example.pi.PiApplication - No active profile set, falling back to 1 default profile: "default"
2026-03-21 12:41:13.802 [restartedMain] INFO  com.example.pi.PiApplication - Starting PiApplication using Java 17.0.13 with PID 25312 (C:\Users\somna\Documents\DigitalBanking\target\classes started by somna in C:\Users\somna\Documents\DigitalBanking)
2026-03-21 12:41:13.806 [restartedMain] DEBUG com.example.pi.PiApplication - Running with Spring Boot v3.4.4, Spring v6.2.5
2026-03-21 12:41:13.807 [restartedMain] INFO  com.example.pi.PiApplication - No active profile set, falling back to 1 default profile: "default"
2026-03-21 12:41:20.486 [restartedMain] DEBUG c.e.p.s.JwtAuthenticationFilter - Filter 'jwtAuthenticationFilter' configured for use
2026-03-21 12:41:22.918 [restartedMain] INFO  com.example.pi.PiApplication - Started PiApplication in 9.881 seconds (process running for 10.471)
2026-03-21 12:42:06.249 [http-nio-8080-exec-3] DEBUG com.example.pi.aspect.LoggingAspect - >>> ENTERING METHOD: AuthenticationController.login | Arguments: [com.example.pi.dto.request.LoginRequest@1766f042]
2026-03-21 12:42:06.478 [http-nio-8080-exec-3] DEBUG com.example.pi.aspect.LoggingAspect - >>> ENTERING METHOD: MyUserDetailsService.loadUserByUsername | Arguments: [Suraj]
2026-03-21 12:42:06.486 [http-nio-8080-exec-3] DEBUG com.example.pi.aspect.LoggingAspect - >>> ENTERING METHOD: $Proxy144.findByUserName | Arguments: [Suraj]
2026-03-21 12:42:06.862 [http-nio-8080-exec-3] DEBUG com.example.pi.aspect.LoggingAspect - <<< EXITING METHOD: $Proxy144.findByUserName | Execution Time: 376 ms | Result Type: User
2026-03-21 12:42:06.862 [http-nio-8080-exec-3] DEBUG com.example.pi.aspect.LoggingAspect - <<< EXITING METHOD: MyUserDetailsService.loadUserByUsername | Execution Time: 384 ms | Result Type: MyUserDetails
2026-03-21 12:42:07.069 [http-nio-8080-exec-3] DEBUG com.example.pi.aspect.LoggingAspect - >>> ENTERING METHOD: MyUserDetailsService.loadUserByUsername | Arguments: [Suraj]
2026-03-21 12:42:07.069 [http-nio-8080-exec-3] DEBUG com.example.pi.aspect.LoggingAspect - >>> ENTERING METHOD: $Proxy144.findByUserName | Arguments: [Suraj]
2026-03-21 12:42:07.069 [http-nio-8080-exec-3] DEBUG com.example.pi.aspect.LoggingAspect - <<< EXITING METHOD: $Proxy144.findByUserName | Execution Time: 0 ms | Result Type: User
2026-03-21 12:42:07.077 [http-nio-8080-exec-3] DEBUG com.example.pi.aspect.LoggingAspect - <<< EXITING METHOD: MyUserDetailsService.loadUserByUsername | Execution Time: 10 ms | Result Type: MyUserDetails
2026-03-21 12:42:07.079 [http-nio-8080-exec-3] DEBUG com.example.pi.aspect.LoggingAspect - >>> ENTERING METHOD: $Proxy144.findByUserName | Arguments: [Suraj]
2026-03-21 12:42:07.087 [http-nio-8080-exec-3] DEBUG com.example.pi.aspect.LoggingAspect - <<< EXITING METHOD: $Proxy144.findByUserName | Execution Time: 8 ms | Result Type: User
2026-03-21 12:42:07.293 [http-nio-8080-exec-3] DEBUG com.example.pi.aspect.LoggingAspect - <<< EXITING METHOD: AuthenticationController.login | Execution Time: 1044 ms | Result Type: ResponseEntity
