2026-03-21 12:32:57.904 [restartedMain] - RequestResponseLoggingFilter initialized
2026-03-21 12:32:57.905 [restartedMain] - RequestResponseLoggingFilter destroyed
2026-03-21 12:41:20.488 [restartedMain] - RequestResponseLoggingFilter initialized
2026-03-21 12:42:05.977 [http-nio-8080-exec-3] - 
================== INCOMING REQUEST ==================
Timestamp: 1774077125974
Request Method: POST
Request URL: http://localhost:8080/auth/login
Request URI: /auth/login
Query String: NONE
Remote Address: 0:0:0:0:0:0:0:1
Remote User: ANONYMOUS

Request Headers:
  content-type: application/json
  user-agent: PostmanRuntime/7.51.1
  accept: */*
  postman-token: ***MASKED***
  host: localhost:8080
  accept-encoding: gzip, deflate, br
  connection: keep-alive
  content-length: 71
======================================================

2026-03-21 12:42:07.336 [http-nio-8080-exec-3] - 
================== OUTGOING RESPONSE ==================
Timestamp: 1774077127336
HTTP Status Code: 200
Execution Time: 1362 ms

Response Headers:
  X-Content-Type-Options: nosniff
  X-XSS-Protection: 0
  Cache-Control: no-cache, no-store, max-age=0, must-revalidate
  Pragma: no-cache
  Expires: 0
  X-Frame-Options: DENY

Response Body (first 1000 chars): {"token":"eyJhbGciOiJIUzUxMiJ9.eyJyb2xlcyI6IlJPTEVfQURNSU4iLCJzdWIiOiJTdXJhaiIsImlhdCI6MTc3NDA3NzEyNywiZXhwIjoxNzc0MDgwNzI3fQ.SaBimL_7OqqnEkp7XA7C8pamin0mvcaQSTxq2uAWhjZDqafCRtjx1AUrd2Xk_ZIPocWtXOZztmkFelKABZnkIg","userName":"Suraj","roles":"ROLE_ADMIN"}
======================================================

2026-03-21 12:43:46.454 [SpringApplicationShutdownHook] - RequestResponseLoggingFilter destroyed
